2026-03-20 11:24:28 - ⏱️ UserInfoController.userInfo(..)took 5ms to complete the task
2026-03-20 11:24:28 - ⏱️ HomeController.userGreet(..)took 6ms to complete the task
2026-03-20 11:24:28 - ⏱️ HomeController.userGreet(..)took 5ms to complete the task
2026-03-20 11:24:33 - ⏱️ HomeController.userGreet(..)took 5ms to complete the task
2026-03-20 11:24:33 - ⏱️ HomeController.userGreet(..)took 6ms to complete the task
2026-03-20 11:24:33 - ⏱️ UserInfoController.userInfo(..)took 6ms to complete the task
2026-03-20 11:24:33 - ⏱️ UserInfoController.userInfo(..)took 5ms to complete the task
2026-03-20 11:24:37 - ⏱️ HomeController.userGreet(..)took 6ms to complete the task
2026-03-20 11:24:37 - ⏱️ HomeController.userGreet(..)took 5ms to complete the task
2026-03-20 11:24:40 - ⏱️ HomeController.userGreet(..)took 6ms to complete the task
2026-03-20 11:24:40 - ⏱️ HomeController.userGreet(..)took 5ms to complete the task
2026-03-20 11:24:40 - ⏱️ ProductController.fetchProductByCategory(..)took 25ms to complete the task
2026-03-20 11:24:40 - ⏱️ ProductController.fetchProductByCategory(..)took 11ms to complete the task
2026-03-20 11:24:40 - ⏱️ ProductController.getProductImage(..)took 37ms to complete the task
2026-03-20 11:24:40 - ⏱️ ProductController.getProductImage(..)took 37ms to complete the task
2026-03-20 11:24:40 - ⏱️ ProductController.getProductImage(..)took 37ms to complete the task
2026-03-20 11:24:40 - ⏱️ ProductController.getProductImage(..)took 46ms to complete the task
2026-03-20 11:24:40 - ⏱️ ProductController.getProductImage(..)took 48ms to complete the task
2026-03-20 11:24:40 - ⏱️ ProductController.getProductImage(..)took 32ms to complete the task
2026-03-20 11:24:40 - ⏱️ ProductController.getProductImage(..)took 12ms to complete the task
2026-03-20 11:24:40 - ⏱️ ProductController.getProductImage(..)took 16ms to complete the task
2026-03-20 11:24:40 - ⏱️ ProductController.getProductImage(..)took 15ms to complete the task
2026-03-20 11:24:40 - ⏱️ ProductController.getProductImage(..)took 31ms to complete the task
2026-03-20 11:24:40 - ⏱️ ProductController.getProductImage(..)took 42ms to complete the task
2026-03-20 11:24:40 - ⏱️ ProductController.getProductImage(..)took 17ms to complete the task
2026-03-20 11:24:40 - ⏱️ ProductController.getProductImage(..)took 37ms to complete the task
2026-03-20 11:24:40 - ⏱️ ProductController.getProductImage(..)took 31ms to complete the task
2026-03-20 11:24:40 - ⏱️ ProductController.getProductImage(..)took 34ms to complete the task
2026-03-20 11:24:40 - ⏱️ ProductController.getProductImage(..)took 43ms to complete the task
2026-03-20 11:24:40 - ⏱️ ProductController.getProductImage(..)took 28ms to complete the task
2026-03-20 11:24:40 - ⏱️ ProductController.getProductImage(..)took 16ms to complete the task
2026-03-20 11:24:40 - ⏱️ ProductController.getProductImage(..)took 34ms to complete the task
2026-03-20 11:24:40 - ⏱️ ProductController.getProductImage(..)took 24ms to complete the task
2026-03-20 11:24:40 - ⏱️ ProductController.getProductImage(..)took 15ms to complete the task
2026-03-20 11:24:48 - ⏱️ HomeController.userGreet(..)took 4ms to complete the task
2026-03-20 11:24:48 - ⏱️ HomeController.userGreet(..)took 5ms to complete the task
2026-03-20 11:24:48 - ⏱️ ProductController.fetchProductById(..)took 12ms to complete the task
2026-03-20 11:24:48 - ⏱️ ProductController.getProductImage(..)took 11ms to complete the task
2026-03-20 11:24:48 - ⏱️ ProductController.fetchProductById(..)took 11ms to complete the task
2026-03-20 11:24:48 - ⏱️ CommentController.getUserId(..)took 6ms to complete the task
2026-03-20 11:24:48 - ⏱️ CommentController.getUserId(..)took 8ms to complete the task
2026-03-20 11:24:48 - ⏱️ CommentController.getCommentsForproduct(..)took 107ms to complete the task
2026-03-20 11:24:48 - ⏱️ CommentController.getCommentCount(..)took 107ms to complete the task
2026-03-20 11:24:48 - ⏱️ CommentController.getCommentsForproduct(..)took 3ms to complete the task
2026-03-20 11:24:48 - ⏱️ CommentController.getCommentCount(..)took 3ms to complete the task
2026-03-20 11:24:56 - ⏱️ PaymentController.createOrder(..)took 693ms to complete the task
2026-03-20 11:24:56 - ⚠️ Slow API : PaymentController.createOrder(..) took 693 ms 
2026-03-20 11:26:05 - ⏱️ LogoutController.userLogout(..)took 214ms to complete the task
2026-03-20 11:28:11 - ⏱️ UserInfoController.userInfo(..)took 4ms to complete the task
2026-03-20 11:28:11 - ⏱️ HomeController.userGreet(..)took 4ms to complete the task
2026-03-20 11:28:11 - ⏱️ HomeController.userGreet(..)took 4ms to complete the task
2026-03-20 11:28:13 - ⏱️ HomeController.userGreet(..)took 4ms to complete the task
2026-03-20 11:28:13 - ⏱️ HomeController.userGreet(..)took 41ms to complete the task
2026-03-20 11:28:13 - ⏱️ ProductController.fetchProductByCategory(..)took 13ms to complete the task
2026-03-20 11:28:13 - ⏱️ ProductController.fetchProductByCategory(..)took 13ms to complete the task
2026-03-20 11:28:13 - ⏱️ ProductController.getProductImage(..)took 17ms to complete the task
2026-03-20 11:28:13 - ⏱️ ProductController.getProductImage(..)took 26ms to complete the task
2026-03-20 11:28:13 - ⏱️ ProductController.getProductImage(..)took 30ms to complete the task
2026-03-20 11:28:13 - ⏱️ ProductController.getProductImage(..)took 33ms to complete the task
2026-03-20 11:28:13 - ⏱️ ProductController.getProductImage(..)took 36ms to complete the task
2026-03-20 11:28:13 - ⏱️ ProductController.getProductImage(..)took 21ms to complete the task
2026-03-20 11:28:13 - ⏱️ ProductController.getProductImage(..)took 24ms to complete the task
2026-03-20 11:28:13 - ⏱️ ProductController.getProductImage(..)took 51ms to complete the task
2026-03-20 11:28:13 - ⏱️ ProductController.getProductImage(..)took 26ms to complete the task
2026-03-20 11:28:13 - ⏱️ ProductController.getProductImage(..)took 16ms to complete the task
2026-03-20 11:28:13 - ⏱️ ProductController.getProductImage(..)took 32ms to complete the task
2026-03-20 11:28:13 - ⏱️ ProductController.getProductImage(..)took 64ms to complete the task
2026-03-20 11:28:13 - ⏱️ ProductController.getProductImage(..)took 25ms to complete the task
2026-03-20 11:28:13 - ⏱️ ProductController.getProductImage(..)took 24ms to complete the task
2026-03-20 11:28:13 - ⏱️ ProductController.getProductImage(..)took 20ms to complete the task
2026-03-20 11:28:13 - ⏱️ ProductController.getProductImage(..)took 69ms to complete the task
2026-03-20 11:28:13 - ⏱️ ProductController.getProductImage(..)took 38ms to complete the task
2026-03-20 11:28:13 - ⏱️ ProductController.getProductImage(..)took 39ms to complete the task
2026-03-20 11:28:13 - ⏱️ ProductController.getProductImage(..)took 32ms to complete the task
2026-03-20 11:28:13 - ⏱️ ProductController.getProductImage(..)took 24ms to complete the task
2026-03-20 11:28:13 - ⏱️ ProductController.getProductImage(..)took 34ms to complete the task
2026-03-20 11:28:17 - ⏱️ HomeController.userGreet(..)took 5ms to complete the task
2026-03-20 11:28:17 - ⏱️ HomeController.userGreet(..)took 3ms to complete the task
2026-03-20 11:28:18 - ⏱️ ProductController.fetchProductById(..)took 14ms to complete the task
2026-03-20 11:28:18 - ⏱️ ProductController.getProductImage(..)took 10ms to complete the task
2026-03-20 11:28:18 - ⏱️ ProductController.fetchProductById(..)took 10ms to complete the task
2026-03-20 11:28:18 - ⏱️ CommentController.getUserId(..)took 6ms to complete the task
2026-03-20 11:28:18 - ⏱️ CommentController.getCommentsForproduct(..)took 6ms to complete the task
2026-03-20 11:28:18 - ⏱️ CommentController.getCommentCount(..)took 7ms to complete the task
2026-03-20 11:28:18 - ⏱️ CommentController.getUserId(..)took 8ms to complete the task
2026-03-20 11:28:18 - ⏱️ CommentController.getCommentsForproduct(..)took 5ms to complete the task
2026-03-20 11:28:18 - ⏱️ CommentController.getCommentCount(..)took 6ms to complete the task
2026-03-20 11:28:22 - ⏱️ PaymentController.createOrder(..)took 81ms to complete the task
2026-03-20 11:30:30 - ⏱️ PaymentController.createOrder(..)took 90ms to complete the task
2026-03-20 11:30:40 - ⏱️ HomeController.userGreet(..)took 5ms to complete the task
2026-03-20 11:30:40 - ⏱️ HomeController.userGreet(..)took 5ms to complete the task
2026-03-20 11:30:40 - ⏱️ ProductController.fetchProductByCategory(..)took 6ms to complete the task
2026-03-20 11:30:40 - ⏱️ ProductController.fetchProductByCategory(..)took 7ms to complete the task
2026-03-20 11:30:40 - ⏱️ ProductController.getProductImage(..)took 13ms to complete the task
2026-03-20 11:30:40 - ⏱️ ProductController.getProductImage(..)took 12ms to complete the task
2026-03-20 11:30:40 - ⏱️ ProductController.getProductImage(..)took 10ms to complete the task
2026-03-20 11:30:40 - ⏱️ ProductController.getProductImage(..)took 21ms to complete the task
2026-03-20 11:30:40 - ⏱️ ProductController.getProductImage(..)took 21ms to complete the task
2026-03-20 11:30:40 - ⏱️ ProductController.getProductImage(..)took 30ms to complete the task
2026-03-20 11:30:40 - ⏱️ ProductController.getProductImage(..)took 21ms to complete the task
2026-03-20 11:30:40 - ⏱️ ProductController.getProductImage(..)took 13ms to complete the task
2026-03-20 11:30:40 - ⏱️ ProductController.getProductImage(..)took 13ms to complete the task
2026-03-20 11:30:40 - ⏱️ ProductController.getProductImage(..)took 26ms to complete the task
2026-03-20 11:30:40 - ⏱️ ProductController.getProductImage(..)took 28ms to complete the task
2026-03-20 11:30:40 - ⏱️ ProductController.getProductImage(..)took 26ms to complete the task
2026-03-20 11:30:40 - ⏱️ ProductController.getProductImage(..)took 48ms to complete the task
2026-03-20 11:30:40 - ⏱️ ProductController.getProductImage(..)took 33ms to complete the task
2026-03-20 11:30:40 - ⏱️ ProductController.getProductImage(..)took 10ms to complete the task
2026-03-20 11:30:40 - ⏱️ ProductController.getProductImage(..)took 50ms to complete the task
2026-03-20 11:30:40 - ⏱️ ProductController.getProductImage(..)took 23ms to complete the task
2026-03-20 11:30:40 - ⏱️ ProductController.getProductImage(..)took 17ms to complete the task
2026-03-20 11:30:40 - ⏱️ ProductController.getProductImage(..)took 17ms to complete the task
2026-03-20 11:30:40 - ⏱️ ProductController.getProductImage(..)took 16ms to complete the task
2026-03-20 11:30:40 - ⏱️ ProductController.getProductImage(..)took 25ms to complete the task
2026-03-20 11:30:41 - ⏱️ HomeController.userGreet(..)took 4ms to complete the task
2026-03-20 11:30:41 - ⏱️ HomeController.userGreet(..)took 5ms to complete the task
2026-03-20 11:30:41 - ⏱️ ProductController.fetchProductById(..)took 9ms to complete the task
2026-03-20 11:30:41 - ⏱️ ProductController.getProductImage(..)took 9ms to complete the task
2026-03-20 11:30:41 - ⏱️ ProductController.fetchProductById(..)took 12ms to complete the task
2026-03-20 11:30:41 - ⏱️ CommentController.getUserId(..)took 4ms to complete the task
2026-03-20 11:30:41 - ⏱️ CommentController.getCommentsForproduct(..)took 6ms to complete the task
2026-03-20 11:30:41 - ⏱️ CommentController.getCommentCount(..)took 7ms to complete the task
2026-03-20 11:30:41 - ⏱️ CommentController.getUserId(..)took 10ms to complete the task
2026-03-20 11:30:41 - ⏱️ CommentController.getCommentCount(..)took 6ms to complete the task
2026-03-20 11:30:41 - ⏱️ CommentController.getCommentsForproduct(..)took 3ms to complete the task
2026-03-20 11:30:45 - ⏱️ PaymentController.createOrder(..)took 77ms to complete the task
2026-03-20 11:30:52 - ⏱️ HomeController.userGreet(..)took 5ms to complete the task
2026-03-20 11:30:52 - ⏱️ HomeController.userGreet(..)took 4ms to complete the task
2026-03-20 11:30:53 - ⏱️ ProductController.fetchProductByCategory(..)took 6ms to complete the task
2026-03-20 11:30:53 - ⏱️ ProductController.getProductImage(..)took 12ms to complete the task
2026-03-20 11:30:53 - ⏱️ ProductController.getProductImage(..)took 16ms to complete the task
2026-03-20 11:30:53 - ⏱️ ProductController.fetchProductByCategory(..)took 9ms to complete the task
2026-03-20 11:30:53 - ⏱️ ProductController.getProductImage(..)took 21ms to complete the task
2026-03-20 11:30:53 - ⏱️ ProductController.getProductImage(..)took 22ms to complete the task
2026-03-20 11:30:53 - ⏱️ ProductController.getProductImage(..)took 25ms to complete the task
2026-03-20 11:30:53 - ⏱️ ProductController.getProductImage(..)took 26ms to complete the task
2026-03-20 11:30:53 - ⏱️ ProductController.getProductImage(..)took 24ms to complete the task
2026-03-20 11:30:53 - ⏱️ ProductController.getProductImage(..)took 21ms to complete the task
2026-03-20 11:30:53 - ⏱️ ProductController.getProductImage(..)took 35ms to complete the task
2026-03-20 11:30:53 - ⏱️ ProductController.getProductImage(..)took 24ms to complete the task
2026-03-20 11:30:53 - ⏱️ ProductController.getProductImage(..)took 26ms to complete the task
2026-03-20 11:30:53 - ⏱️ ProductController.getProductImage(..)took 11ms to complete the task
2026-03-20 11:30:53 - ⏱️ ProductController.getProductImage(..)took 13ms to complete the task
2026-03-20 11:30:53 - ⏱️ ProductController.getProductImage(..)took 15ms to complete the task
2026-03-20 11:30:53 - ⏱️ ProductController.getProductImage(..)took 21ms to complete the task
2026-03-20 11:30:53 - ⏱️ ProductController.getProductImage(..)took 35ms to complete the task
2026-03-20 11:30:53 - ⏱️ ProductController.getProductImage(..)took 22ms to complete the task
2026-03-20 11:30:53 - ⏱️ ProductController.getProductImage(..)took 32ms to complete the task
2026-03-20 11:30:53 - ⏱️ ProductController.getProductImage(..)took 30ms to complete the task
2026-03-20 11:30:53 - ⏱️ ProductController.getProductImage(..)took 21ms to complete the task
2026-03-20 11:30:53 - ⏱️ ProductController.getProductImage(..)took 21ms to complete the task
2026-03-20 11:30:54 - ⏱️ LogoutController.userLogout(..)took 31ms to complete the task
2026-03-20 11:31:12 - ⏱️ UserInfoController.userInfo(..)took 4ms to complete the task
2026-03-20 11:31:12 - ⏱️ HomeController.userGreet(..)took 3ms to complete the task
2026-03-20 11:31:12 - ⏱️ HomeController.userGreet(..)took 3ms to complete the task
2026-03-20 11:31:13 - ⏱️ HomeController.userGreet(..)took 4ms to complete the task
2026-03-20 11:31:13 - ⏱️ HomeController.userGreet(..)took 3ms to complete the task
2026-03-20 11:31:13 - ⏱️ ProductController.fetchProductByCategory(..)took 4ms to complete the task
2026-03-20 11:31:13 - ⏱️ ProductController.fetchProductByCategory(..)took 4ms to complete the task
2026-03-20 11:31:13 - ⏱️ ProductController.getProductImage(..)took 10ms to complete the task
2026-03-20 11:31:13 - ⏱️ ProductController.getProductImage(..)took 10ms to complete the task
2026-03-20 11:31:13 - ⏱️ ProductController.getProductImage(..)took 9ms to complete the task
2026-03-20 11:31:13 - ⏱️ ProductController.getProductImage(..)took 24ms to complete the task
2026-03-20 11:31:13 - ⏱️ ProductController.getProductImage(..)took 8ms to complete the task
2026-03-20 11:31:13 - ⏱️ ProductController.getProductImage(..)took 27ms to complete the task
2026-03-20 11:31:13 - ⏱️ ProductController.getProductImage(..)took 16ms to complete the task
2026-03-20 11:31:13 - ⏱️ ProductController.getProductImage(..)took 13ms to complete the task
2026-03-20 11:31:13 - ⏱️ ProductController.getProductImage(..)took 14ms to complete the task
2026-03-20 11:31:13 - ⏱️ ProductController.getProductImage(..)took 29ms to complete the task
2026-03-20 11:31:13 - ⏱️ ProductController.getProductImage(..)took 29ms to complete the task
2026-03-20 11:31:13 - ⏱️ ProductController.getProductImage(..)took 58ms to complete the task
2026-03-20 11:31:13 - ⏱️ ProductController.getProductImage(..)took 43ms to complete the task
2026-03-20 11:31:13 - ⏱️ ProductController.getProductImage(..)took 36ms to complete the task
2026-03-20 11:31:13 - ⏱️ ProductController.getProductImage(..)took 12ms to complete the task
2026-03-20 11:31:13 - ⏱️ ProductController.getProductImage(..)took 22ms to complete the task
2026-03-20 11:31:13 - ⏱️ ProductController.getProductImage(..)took 9ms to complete the task
2026-03-20 11:31:13 - ⏱️ ProductController.getProductImage(..)took 24ms to complete the task
2026-03-20 11:31:13 - ⏱️ ProductController.getProductImage(..)took 17ms to complete the task
2026-03-20 11:31:13 - ⏱️ ProductController.getProductImage(..)took 22ms to complete the task
2026-03-20 11:31:13 - ⏱️ ProductController.getProductImage(..)took 21ms to complete the task
2026-03-20 11:31:33 - ⏱️ HomeController.userGreet(..)took 4ms to complete the task
2026-03-20 11:31:33 - ⏱️ HomeController.userGreet(..)took 6ms to complete the task
2026-03-20 11:31:33 - ⏱️ ProductController.fetchProductById(..)took 14ms to complete the task
2026-03-20 11:31:33 - ⏱️ ProductController.fetchProductById(..)took 11ms to complete the task
2026-03-20 11:31:33 - ⏱️ CommentController.getUserId(..)took 7ms to complete the task
2026-03-20 11:31:33 - ⏱️ ProductController.getProductImage(..)took 16ms to complete the task
2026-03-20 11:31:33 - ⏱️ CommentController.getCommentCount(..)took 4ms to complete the task
2026-03-20 11:31:33 - ⏱️ CommentController.getCommentsForproduct(..)took 4ms to complete the task
2026-03-20 11:31:33 - ⏱️ CommentController.getUserId(..)took 5ms to complete the task
2026-03-20 11:31:33 - ⏱️ CommentController.getCommentsForproduct(..)took 2ms to complete the task
2026-03-20 11:31:33 - ⏱️ CommentController.getCommentCount(..)took 3ms to complete the task
2026-03-20 11:31:37 - ⏱️ PaymentController.createOrder(..)took 82ms to complete the task
2026-03-20 11:32:11 - ⏱️ PaymentController.verifyPayment(..)took 4574ms to complete the task
2026-03-20 11:32:11 - ⚠️ Slow API : PaymentController.verifyPayment(..) took 4574 ms 
2026-03-20 11:32:11 - ⏱️ HomeController.userGreet(..)took 5ms to complete the task
2026-03-20 11:32:11 - ⏱️ HomeController.userGreet(..)took 4ms to complete the task
2026-03-20 11:32:11 - ⏱️ OrderController.fetchOrder(..)took 24ms to complete the task
2026-03-20 11:32:11 - ⏱️ OrderController.fetchOrder(..)took 6ms to complete the task
2026-03-20 11:32:11 - ⏱️ ProductController.getProductImage(..)took 16ms to complete the task
2026-03-20 11:32:11 - ⏱️ ProductController.fetchProductById(..)took 13ms to complete the task
2026-03-20 11:32:11 - ⏱️ ProductController.fetchProductById(..)took 12ms to complete the task
2026-03-20 11:32:19 - ⏱️ LogoutController.userLogout(..)took 29ms to complete the task
2026-03-20 11:32:33 - ⏱️ LoginController.login(..)took 1628ms to complete the task
2026-03-20 11:32:33 - ⚠️ Slow API : LoginController.login(..) took 1628 ms 
2026-03-20 11:32:33 - ⏱️ HomeController.adminGreet(..)took 6ms to complete the task
2026-03-20 11:32:33 - ⏱️ HomeController.adminGreet(..)took 4ms to complete the task
2026-03-20 11:32:38 - ⏱️ OrderController.fetchOrders()took 38ms to complete the task
2026-03-20 11:32:38 - ⏱️ OrderController.fetchOrders()took 12ms to complete the task
2026-03-20 11:32:38 - ⏱️ ProductController.fetchProductById(..)took 11ms to complete the task
2026-03-20 11:32:38 - ⏱️ ProductController.fetchProductById(..)took 16ms to complete the task
2026-03-20 11:32:38 - ⏱️ ProductController.fetchProductById(..)took 17ms to complete the task
2026-03-20 11:32:38 - ⏱️ ProductController.fetchProductById(..)took 13ms to complete the task
2026-03-20 11:32:38 - ⏱️ ProductController.fetchProductById(..)took 18ms to complete the task
2026-03-20 11:32:38 - ⏱️ ProductController.fetchProductById(..)took 11ms to complete the task
2026-03-20 11:32:38 - ⏱️ ProductController.getProductImage(..)took 10ms to complete the task
2026-03-20 11:32:38 - ⏱️ ProductController.fetchProductById(..)took 32ms to complete the task
2026-03-20 11:32:38 - ⏱️ ProductController.fetchProductById(..)took 32ms to complete the task
2026-03-20 11:32:38 - ⏱️ ProductController.fetchProductById(..)took 26ms to complete the task
2026-03-20 11:32:38 - ⏱️ ProductController.fetchProductById(..)took 28ms to complete the task
2026-03-20 11:32:38 - ⏱️ ProductController.getProductImage(..)took 15ms to complete the task
2026-03-20 11:32:38 - ⏱️ ProductController.getProductImage(..)took 17ms to complete the task
2026-03-20 11:32:38 - ⏱️ ProductController.getProductImage(..)took 10ms to complete the task
2026-03-20 11:32:38 - ⏱️ ProductController.getProductImage(..)took 13ms to complete the task
2026-03-20 11:33:20 - ⏱️ LogoutController.adminLogout(..)took 25ms to complete the task
2026-03-20 12:24:25 - ⏱️ LoginController.login(..)took 2216ms to complete the task
2026-03-20 12:24:25 - ⚠️ Slow API : LoginController.login(..) took 2216 ms 
2026-03-20 12:24:25 - ⏱️ HomeController.adminGreet(..)took 7ms to complete the task
2026-03-20 12:24:25 - ⏱️ HomeController.adminGreet(..)took 7ms to complete the task
2026-03-20 12:25:13 - ⏱️ LogoutController.adminLogout(..)took 135ms to complete the task
2026-03-20 12:25:28 - ⏱️ LoginController.login(..)took 831ms to complete the task
2026-03-20 12:25:28 - ⚠️ Slow API : LoginController.login(..) took 831 ms 
2026-03-20 12:25:28 - ⏱️ HomeController.userGreet(..)took 6ms to complete the task
2026-03-20 12:25:28 - ⏱️ HomeController.userGreet(..)took 6ms to complete the task
2026-03-20 12:25:57 - ⏱️ LogoutController.userLogout(..)took 36ms to complete the task
2026-03-20 12:26:10 - ⏱️ LoginController.login(..)took 832ms to complete the task
2026-03-20 12:26:10 - ⚠️ Slow API : LoginController.login(..) took 832 ms 
2026-03-20 12:26:10 - ⏱️ HomeController.adminGreet(..)took 6ms to complete the task
2026-03-20 12:26:10 - ⏱️ HomeController.adminGreet(..)took 6ms to complete the task
2026-03-20 12:26:31 - ⏱️ LogoutController.adminLogout(..)took 35ms to complete the task
2026-03-20 12:31:32 - ⏱️ LoginController.login(..)took 2155ms to complete the task
2026-03-20 12:31:32 - ⚠️ Slow API : LoginController.login(..) took 2155 ms 
2026-03-20 12:31:33 - ⏱️ HomeController.adminGreet(..)took 6ms to complete the task
2026-03-20 12:31:33 - ⏱️ HomeController.adminGreet(..)took 5ms to complete the task
2026-03-20 12:31:48 - ⏱️ LogoutController.adminLogout(..)took 111ms to complete the task
2026-03-20 12:32:02 - ⏱️ LoginController.login(..)took 819ms to complete the task
2026-03-20 12:32:02 - ⚠️ Slow API : LoginController.login(..) took 819 ms 
2026-03-20 12:32:02 - ⏱️ HomeController.adminGreet(..)took 6ms to complete the task
2026-03-20 12:32:02 - ⏱️ HomeController.adminGreet(..)took 6ms to complete the task
